---
source: src/test/diagnostics.rs
expression: diagnostics
input_file: tests/diagnostics/empty_label.asm
---
[
  {
    "severity": "error",
    "code": "empty_label",
    "message": "There is no name before this `:`.",
    "hint": "A label is a name, then the colon",
    "location": {
      "file": "empty_label.asm",
      "line": 1,
      "column": 0,
      "endColumn": 1
    },
    "related": []
  }
]
