---
source: src/test/diagnostics.rs
expression: diagnostics
input_file: tests/diagnostics/end_in_an_included_file
---
[
  {
    "severity": "error",
    "code": "end_in_an_included_file",
    "message": "`end` belongs in the entry file, `main.asm`.",
    "hint": "Delete it: an included file ends where its lines end, and the entry point is the entry file's own `end`",
    "location": {
      "file": "lib.asm",
      "line": 2,
      "column": 4,
      "endColumn": 7
    },
    "related": [
      {
        "location": {
          "file": "main.asm",
          "line": 2,
          "column": 12,
          "endColumn": 19
        },
        "message": "included from `main.asm`"
      }
    ]
  }
]
