---
source: src/test/diagnostics.rs
expression: diagnostics
input_file: tests/diagnostics/expression_expected.asm
---
[
  {
    "severity": "error",
    "code": "expression_expected",
    "message": "An expression was expected after `#`.",
    "hint": null,
    "location": {
      "file": "expression_expected.asm",
      "line": 1,
      "column": 12,
      "endColumn": 12
    },
    "related": []
  }
]
