---
source: src/test/diagnostics.rs
expression: diagnostics
input_file: tests/diagnostics/immediate_out_of_range.asm
---
[
  {
    "severity": "error",
    "code": "immediate_out_of_range",
    "message": "`#300` does not fit in a byte.",
    "hint": "A byte immediate holds -128 to 255",
    "location": {
      "file": "immediate_out_of_range.asm",
      "line": 1,
      "column": 11,
      "endColumn": 15
    },
    "related": []
  }
]
