---
source: src/test/diagnostics.rs
expression: diagnostics
input_file: tests/diagnostics/invalid_number.asm
---
[
  {
    "severity": "error",
    "code": "invalid_number",
    "message": "`g` is not a hexadecimal digit.",
    "hint": "Hexadecimal digits are 0-9 and a-f",
    "location": {
      "file": "invalid_number.asm",
      "line": 1,
      "column": 13,
      "endColumn": 14
    },
    "related": []
  }
]
