---
source: src/test/diagnostics.rs
expression: diagnostics
input_file: tests/diagnostics/invalid_address_width.asm
---
[
  {
    "severity": "error",
    "code": "invalid_address_width",
    "message": "`.b` after `table` forces the width of the address, and an address is forced to `.w` or `.l`",
    "hint": "write `table.w` or `table.l`, or `table` on its own; the size the instruction works at goes after the mnemonic",
    "location": {
      "file": "invalid_address_width.asm",
      "line": 2,
      "column": 11,
      "endColumn": 16
    },
    "related": []
  },
  {
    "severity": "error",
    "code": "invalid_address_width",
    "message": "`.s` after `done` forces the width of the address, and an address is forced to `.w` or `.l`",
    "hint": "write `done.w` or `done.l`, or `done` on its own; the size the instruction works at goes after the mnemonic",
    "location": {
      "file": "invalid_address_width.asm",
      "line": 3,
      "column": 8,
      "endColumn": 12
    },
    "related": []
  }
]
