---
source: src/test/diagnostics.rs
expression: diagnostics
input_file: tests/diagnostics/invalid_addressing_mode.asm
---
[
  {
    "severity": "error",
    "code": "invalid_addressing_mode",
    "message": "The first operand of `clr` cannot be an address register.",
    "hint": "The operand should be Dn, (An), (An)+, -(An), d(An), d(An,Xn) or Ea/<label>. `suba.l a0,a0` clears an address register",
    "location": {
      "file": "invalid_addressing_mode.asm",
      "line": 1,
      "column": 8,
      "endColumn": 10
    },
    "related": []
  },
  {
    "severity": "error",
    "code": "invalid_addressing_mode",
    "message": "The first operand of `divu` cannot be an address register.",
    "hint": "The operand should be Dn, (An), (An)+, -(An), d(An), d(An,Xn), Ea/<label>, d(PC), d(PC,Xn) or Im. An address register holds an address; move it into a data register first",
    "location": {
      "file": "invalid_addressing_mode.asm",
      "line": 2,
      "column": 9,
      "endColumn": 11
    },
    "related": []
  },
  {
    "severity": "error",
    "code": "invalid_addressing_mode",
    "message": "The first operand of `jmp` cannot be a postincrement operand.",
    "hint": "The operand should be (An), d(An), d(An,Xn), Ea/<label>, d(PC) or d(PC,Xn)",
    "location": {
      "file": "invalid_addressing_mode.asm",
      "line": 3,
      "column": 8,
      "endColumn": 13
    },
    "related": []
  },
  {
    "severity": "error",
    "code": "invalid_addressing_mode",
    "message": "The second operand of `move` cannot be a PC-relative operand.",
    "hint": "The operand should be Dn, An, (An), (An)+, -(An), d(An), d(An,Xn) or Ea/<label>. A PC-relative operand is read and never written; write the label on its own",
    "location": {
      "file": "invalid_addressing_mode.asm",
      "line": 4,
      "column": 14,
      "endColumn": 26
    },
    "related": []
  },
  {
    "severity": "error",
    "code": "invalid_addressing_mode",
    "message": "The first operand of `addi` cannot be an address register.",
    "hint": "The operand should be Im",
    "location": {
      "file": "invalid_addressing_mode.asm",
      "line": 6,
      "column": 9,
      "endColumn": 11
    },
    "related": []
  }
]
