---
source: src/test/diagnostics.rs
expression: diagnostics
input_file: tests/diagnostics/label_not_allowed.asm
---
[
  {
    "severity": "error",
    "code": "label_not_allowed",
    "message": "`page` takes no label, and this line declares `heading`",
    "hint": "put `heading:` on a line of its own if it is meant to name the address here",
    "location": {
      "file": "label_not_allowed.asm",
      "line": 2,
      "column": 0,
      "endColumn": 7
    },
    "related": []
  },
  {
    "severity": "error",
    "code": "label_not_allowed",
    "message": "`ifeq` takes no label, and this line declares `skip`",
    "hint": "put `skip:` on a line of its own if it is meant to name the address here",
    "location": {
      "file": "label_not_allowed.asm",
      "line": 7,
      "column": 0,
      "endColumn": 4
    },
    "related": []
  },
  {
    "severity": "error",
    "code": "unimplemented_operation",
    "message": "`ifeq` is not implemented: conditional assembly is not implemented",
    "hint": "write the lines the condition would have kept instead",
    "location": {
      "file": "label_not_allowed.asm",
      "line": 7,
      "column": 8,
      "endColumn": 12
    },
    "related": []
  },
  {
    "severity": "error",
    "code": "unimplemented_operation",
    "message": "`endc` is not implemented: conditional assembly is not implemented",
    "hint": "write the lines the condition would have kept instead",
    "location": {
      "file": "label_not_allowed.asm",
      "line": 8,
      "column": 8,
      "endColumn": 12
    },
    "related": []
  }
]
