---
source: src/test/diagnostics.rs
expression: diagnostics
input_file: tests/diagnostics/register_list_expected.asm
---
[
  {
    "severity": "error",
    "code": "register_list_expected",
    "message": "`reg` names a register list, and this is an immediate.",
    "hint": "Write the registers themselves, `regs reg d0-d3/a0-a2`",
    "location": {
      "file": "register_list_expected.asm",
      "line": 2,
      "column": 12,
      "endColumn": 14
    },
    "related": []
  }
]
