---
source: src/test/diagnostics.rs
expression: diagnostics
input_file: tests/diagnostics/unterminated_string.asm
---
[
  {
    "severity": "error",
    "code": "unterminated_string",
    "message": "this string is not closed before the end of the line",
    "hint": "add the closing `'`; `''` writes a quote inside a string",
    "location": {
      "file": "unterminated_string.asm",
      "line": 1,
      "column": 15,
      "endColumn": 21
    },
    "related": []
  }
]
