---
source: src/test/diagnostics.rs
expression: diagnostics
input_file: tests/diagnostics/value_out_of_range.asm
---
[
  {
    "severity": "error",
    "code": "value_out_of_range",
    "message": "The count of `addq` is 1 to 8, and `9` is outside it.",
    "hint": "`add #n,<ea>` has no such limit",
    "location": {
      "file": "value_out_of_range.asm",
      "line": 1,
      "column": 11,
      "endColumn": 13
    },
    "related": []
  },
  {
    "severity": "error",
    "code": "value_out_of_range",
    "message": "The bit number is 0 to 31, and `40` is outside it.",
    "hint": "A data register has 32 bits, numbered from 0; a byte in memory has 8",
    "location": {
      "file": "value_out_of_range.asm",
      "line": 2,
      "column": 9,
      "endColumn": 12
    },
    "related": []
  },
  {
    "severity": "error",
    "code": "value_out_of_range",
    "message": "The distance a `d(PC)` operand reaches is -32768 to 32767, and `192502` is outside it.",
    "hint": "Write `far` on its own: an absolute address reaches anywhere in memory",
    "location": {
      "file": "value_out_of_range.asm",
      "line": 5,
      "column": 11,
      "endColumn": 14
    },
    "related": []
  },
  {
    "severity": "error",
    "code": "value_out_of_range",
    "message": "An address forced to `.w` is -32768 to 32767, and `98304` is outside it.",
    "hint": "Write `$18000.l`, or `$18000` on its own: both reach the same address here",
    "location": {
      "file": "value_out_of_range.asm",
      "line": 6,
      "column": 11,
      "endColumn": 17
    },
    "related": []
  }
]
