---
source: src/test/diagnostics.rs
expression: diagnostics
input_file: tests/diagnostics/wrong_operand_count.asm
---
[
  {
    "severity": "error",
    "code": "wrong_operand_count",
    "message": "`move` takes two operands, and this line has one",
    "hint": null,
    "location": {
      "file": "wrong_operand_count.asm",
      "line": 1,
      "column": 4,
      "endColumn": 13
    },
    "related": []
  },
  {
    "severity": "error",
    "code": "wrong_operand_count",
    "message": "`rts` takes no operands, and this line has one",
    "hint": null,
    "location": {
      "file": "wrong_operand_count.asm",
      "line": 2,
      "column": 4,
      "endColumn": 10
    },
    "related": []
  },
  {
    "severity": "error",
    "code": "wrong_operand_count",
    "message": "`dc.b` takes at least one value, and this line has none",
    "hint": "write the values after it, `dc.b 1,2,3`",
    "location": {
      "file": "wrong_operand_count.asm",
      "line": 5,
      "column": 4,
      "endColumn": 8
    },
    "related": []
  },
  {
    "severity": "error",
    "code": "wrong_operand_count",
    "message": "`ds.w` takes one operand, and this line has none",
    "hint": null,
    "location": {
      "file": "wrong_operand_count.asm",
      "line": 6,
      "column": 4,
      "endColumn": 8
    },
    "related": []
  },
  {
    "severity": "error",
    "code": "wrong_operand_count",
    "message": "`dcb.l` takes two operands, and this line has one",
    "hint": null,
    "location": {
      "file": "wrong_operand_count.asm",
      "line": 7,
      "column": 4,
      "endColumn": 11
    },
    "related": []
  }
]
