---
source: src/test/corpus.rs
expression: messages
---
[
  "Error on line 14: Unknown instruction: \"start\"",
  "Error on line 16: Invalid immediate: Invalid decimal number or non existing label: AQUA, invalid digit found in string",
  "Error on line 16: Invalid absolute: Invalid decimal number or non existing label: d1setpencolor, invalid digit found in string",
  "Error on line 20: Invalid absolute: Invalid decimal number or non existing label: d1X, invalid digit found in string",
  "Error on line 21: Invalid absolute: Invalid decimal number or non existing label: d2Y, invalid digit found in string",
  "Error on line 23: Invalid immediate: Invalid decimal number or non existing label: 15drawpixel, invalid digit found in string",
  "Error on line 23: Invalid decimal number or non existing label: 15drawpixel, invalid digit found in string",
  "Error on line 26: Invalid immediate: Invalid decimal number or non existing label: 15getpixel, invalid digit found in string",
  "Error on line 26: Invalid decimal number or non existing label: 15getpixel, invalid digit found in string",
  "Error on line 28: Invalid immediate: Invalid decimal number or non existing label: RED, invalid digit found in string",
  "Error on line 30: Invalid immediate: Invalid decimal number or non existing label: 15setpencolor, invalid digit found in string",
  "Error on line 30: Invalid decimal number or non existing label: 15setpencolor, invalid digit found in string",
  "Error on line 32: Invalid absolute: Invalid decimal number or non existing label: d1X, invalid digit found in string",
  "Error on line 33: Invalid absolute: Invalid decimal number or non existing label: d2Y, invalid digit found in string",
  "Error on line 35: Expected one operand, received 2",
  "Error on line 37: Invalid absolute: Invalid decimal number or non existing label: d1X, invalid digit found in string",
  "Error on line 38: Invalid absolute: Invalid decimal number or non existing label: d2Y, invalid digit found in string",
  "Error on line 40: Expected one operand, received 2",
  "Error on line 42: Invalid immediate: Invalid decimal number or non existing label: BLUE, invalid digit found in string",
  "Error on line 44: Invalid immediate: Invalid decimal number or non existing label: 15setpencolor, invalid digit found in string",
  "Error on line 44: Invalid decimal number or non existing label: 15setpencolor, invalid digit found in string",
  "Error on line 46: Invalid immediate: Invalid decimal number or non existing label: NAVY, invalid digit found in string",
  "Error on line 48: Invalid immediate: Invalid decimal number or non existing label: 15setfillcolor, invalid digit found in string",
  "Error on line 48: Invalid decimal number or non existing label: 15setfillcolor, invalid digit found in string",
  "Error on line 50: Invalid absolute: Invalid decimal number or non existing label: d1X1, invalid digit found in string",
  "Error on line 51: Invalid absolute: Invalid decimal number or non existing label: d2Y1, invalid digit found in string",
  "Error on line 52: Invalid absolute: Invalid decimal number or non existing label: d3X2, invalid digit found in string",
  "Error on line 53: Invalid absolute: Invalid decimal number or non existing label: d4Y2, invalid digit found in string",
  "Error on line 55: Invalid immediate: Invalid decimal number or non existing label: 15drawfilledrectangle, invalid digit found in string",
  "Error on line 55: Invalid decimal number or non existing label: 15drawfilledrectangle, invalid digit found in string",
  "Error on line 57: Invalid immediate: Invalid decimal number or non existing label: YELLOW, invalid digit found in string",
  "Error on line 59: Invalid immediate: Invalid decimal number or non existing label: 15setpencolor, invalid digit found in string",
  "Error on line 59: Invalid decimal number or non existing label: 15setpencolor, invalid digit found in string",
  "Error on line 61: Invalid immediate: Invalid decimal number or non existing label: PURPLE, invalid digit found in string",
  "Error on line 63: Invalid immediate: Invalid decimal number or non existing label: 15setfillcolor, invalid digit found in string",
  "Error on line 63: Invalid decimal number or non existing label: 15setfillcolor, invalid digit found in string",
  "Error on line 65: Invalid absolute: Invalid decimal number or non existing label: d1X1, invalid digit found in string",
  "Error on line 66: Invalid absolute: Invalid decimal number or non existing label: d2Y1, invalid digit found in string",
  "Error on line 67: Invalid absolute: Invalid decimal number or non existing label: d3X2, invalid digit found in string",
  "Error on line 68: Invalid absolute: Invalid decimal number or non existing label: d4Y2, invalid digit found in string",
  "Error on line 70: Invalid immediate: Invalid decimal number or non existing label: 15drawfilledellipse, invalid digit found in string",
  "Error on line 70: Invalid decimal number or non existing label: 15drawfilledellipse, invalid digit found in string",
  "Error on line 72: Invalid absolute: Invalid decimal number or non existing label: d1penwidth, invalid digit found in string",
  "Error on line 74: Invalid immediate: Invalid decimal number or non existing label: 15setpenwidth, invalid digit found in string",
  "Error on line 74: Invalid decimal number or non existing label: 15setpenwidth, invalid digit found in string",
  "Error on line 76: Invalid absolute: Invalid decimal number or non existing label: d1X1, invalid digit found in string",
  "Error on line 77: Invalid absolute: Invalid decimal number or non existing label: d2Y1, invalid digit found in string",
  "Error on line 78: Invalid absolute: Invalid decimal number or non existing label: d3X2, invalid digit found in string",
  "Error on line 79: Invalid absolute: Invalid decimal number or non existing label: d4Y2, invalid digit found in string",
  "Error on line 81: Invalid immediate: Invalid decimal number or non existing label: 15drawunfilledrectangle, invalid digit found in string",
  "Error on line 81: Invalid decimal number or non existing label: 15drawunfilledrectangle, invalid digit found in string",
  "Error on line 83: Invalid absolute: Invalid decimal number or non existing label: d1X1, invalid digit found in string",
  "Error on line 84: Invalid absolute: Invalid decimal number or non existing label: d2Y1, invalid digit found in string",
  "Error on line 85: Invalid absolute: Invalid decimal number or non existing label: d3X2, invalid digit found in string",
  "Error on line 86: Invalid absolute: Invalid decimal number or non existing label: d4Y2, invalid digit found in string",
  "Error on line 88: Invalid immediate: Invalid decimal number or non existing label: 15drawunfilledellipse, invalid digit found in string",
  "Error on line 88: Invalid decimal number or non existing label: 15drawunfilledellipse, invalid digit found in string",
  "Error on line 90: Invalid immediate: Invalid decimal number or non existing label: BLUE, invalid digit found in string",
  "Error on line 92: Invalid immediate: Invalid decimal number or non existing label: 15setfillcolor, invalid digit found in string",
  "Error on line 92: Invalid decimal number or non existing label: 15setfillcolor, invalid digit found in string",
  "Error on line 94: Invalid absolute: Invalid decimal number or non existing label: d1X1, invalid digit found in string",
  "Error on line 95: Invalid absolute: Invalid decimal number or non existing label: d2Y1, invalid digit found in string",
  "Error on line 97: Invalid immediate: Invalid decimal number or non existing label: 15floodfill, invalid digit found in string",
  "Error on line 97: Invalid decimal number or non existing label: 15floodfill, invalid digit found in string",
  "Error on line 99: Invalid absolute: Invalid decimal number or non existing label: d1penwidth, invalid digit found in string",
  "Error on line 101: Invalid immediate: Invalid decimal number or non existing label: 15setpenwidth, invalid digit found in string",
  "Error on line 101: Invalid decimal number or non existing label: 15setpenwidth, invalid digit found in string",
  "Error on line 103: Invalid immediate: Invalid decimal number or non existing label: WHITE, invalid digit found in string",
  "Error on line 105: Invalid immediate: Invalid decimal number or non existing label: 15setpencolor, invalid digit found in string",
  "Error on line 105: Invalid decimal number or non existing label: 15setpencolor, invalid digit found in string",
  "Error on line 107: Invalid absolute: Invalid decimal number or non existing label: d1X1, invalid digit found in string",
  "Error on line 108: Invalid absolute: Invalid decimal number or non existing label: d2Y1, invalid digit found in string",
  "Error on line 109: Invalid absolute: Invalid decimal number or non existing label: d3X2, invalid digit found in string",
  "Error on line 110: Invalid absolute: Invalid decimal number or non existing label: d4Y2, invalid digit found in string",
  "Error on line 112: Expected one operand, received 3",
  "Error on line 114: Invalid immediate: Invalid decimal number or non existing label: RED, invalid digit found in string",
  "Error on line 116: Invalid immediate: Invalid decimal number or non existing label: 15setpencolor, invalid digit found in string",
  "Error on line 116: Invalid decimal number or non existing label: 15setpencolor, invalid digit found in string",
  "Error on line 118: Invalid absolute: Invalid decimal number or non existing label: d1X1, invalid digit found in string",
  "Error on line 119: Invalid absolute: Invalid decimal number or non existing label: d2Y1, invalid digit found in string",
  "Error on line 120: Invalid absolute: Invalid decimal number or non existing label: d3X2, invalid digit found in string",
  "Error on line 121: Invalid absolute: Invalid decimal number or non existing label: d4Y2, invalid digit found in string",
  "Error on line 123: Expected one operand, received 3",
  "Error on line 125: Invalid immediate: Invalid decimal number or non existing label: GREEN, invalid digit found in string",
  "Error on line 127: Invalid immediate: Invalid decimal number or non existing label: 15setpencolor, invalid digit found in string",
  "Error on line 127: Invalid decimal number or non existing label: 15setpencolor, invalid digit found in string",
  "Error on line 129: Invalid absolute: Invalid decimal number or non existing label: d1X1, invalid digit found in string",
  "Error on line 130: Invalid absolute: Invalid decimal number or non existing label: d2Y1, invalid digit found in string",
  "Error on line 131: Invalid absolute: Invalid decimal number or non existing label: d3X2, invalid digit found in string",
  "Error on line 132: Invalid absolute: Invalid decimal number or non existing label: d4Y2, invalid digit found in string",
  "Error on line 134: Expected one operand, received 3",
  "Error on line 136: Invalid immediate: Invalid decimal number or non existing label: BLUE, invalid digit found in string",
  "Error on line 138: Invalid immediate: Invalid decimal number or non existing label: 15setpencolor, invalid digit found in string",
  "Error on line 138: Invalid decimal number or non existing label: 15setpencolor, invalid digit found in string",
  "Error on line 140: Invalid absolute: Invalid decimal number or non existing label: d1X1, invalid digit found in string",
  "Error on line 141: Invalid absolute: Invalid decimal number or non existing label: d2Y1, invalid digit found in string",
  "Error on line 142: Invalid absolute: Invalid decimal number or non existing label: d3X2, invalid digit found in string",
  "Error on line 143: Invalid absolute: Invalid decimal number or non existing label: d4Y2, invalid digit found in string",
  "Error on line 145: Expected one operand, received 3",
  "Error on line 149: Invalid absolute: Invalid decimal number or non existing label: d1penwidth, invalid digit found in string",
  "Error on line 151: Invalid immediate: Invalid decimal number or non existing label: 15setpenwidth, invalid digit found in string",
  "Error on line 151: Invalid decimal number or non existing label: 15setpenwidth, invalid digit found in string",
  "Error on line 153: Invalid immediate: Invalid decimal number or non existing label: TEAL, invalid digit found in string",
  "Error on line 155: Invalid immediate: Invalid decimal number or non existing label: 15setpencolor, invalid digit found in string",
  "Error on line 155: Invalid decimal number or non existing label: 15setpencolor, invalid digit found in string",
  "Error on line 157: Invalid absolute: Invalid decimal number or non existing label: d5drawingmodestartsat0, invalid digit found in string",
  "Error on line 158: Expected two operands, received \"3\"",
  "Error on line 160: Unknown instruction: \"repeat\"",
  "Error on line 161: Invalid absolute: Invalid decimal number or non existing label: d1drawingmode, invalid digit found in string",
  "Error on line 163: Invalid immediate: Invalid decimal number or non existing label: 15setdrawingmode, invalid digit found in string",
  "Error on line 163: Invalid decimal number or non existing label: 15setdrawingmode, invalid digit found in string",
  "Error on line 165: Invalid absolute: Invalid decimal number or non existing label: d1X1, invalid digit found in string",
  "Error on line 166: Expected two operands, received \"3\"",
  "Error on line 167: Invalid absolute: Invalid decimal number or non existing label: d3X2, invalid digit found in string",
  "Error on line 168: Invalid absolute: Invalid decimal number or non existing label: d4Y2, invalid digit found in string",
  "Error on line 170: Expected one operand, received 3",
  "Error on line 172: Invalid absolute: Invalid decimal number or non existing label: d6moveendoflinefornextmode, invalid digit found in string",
  "Error on line 173: Invalid absolute: Invalid decimal number or non existing label: d5nextdrawingmode, invalid digit found in string",
  "Error on line 174: Invalid absolute: Invalid decimal number or non existing label: d5untilallmodestried, invalid digit found in string",
  "Error on line 175: Unknown instruction: \"until\"",
  "Error on line 178: Invalid absolute: Invalid decimal number or non existing label: zero, invalid digit found in string",
  "Error on line 178: Invalid absolute: Invalid decimal number or non existing label: a1load, invalid digit found in string",
  "Error on line 179: Invalid absolute: Invalid decimal number or non existing label: d1soundnumber0, invalid digit found in string",
  "Error on line 183: Invalid absolute: Invalid decimal number or non existing label: one, invalid digit found in string",
  "Error on line 183: Invalid absolute: Invalid decimal number or non existing label: a1load, invalid digit found in string",
  "Error on line 184: Invalid absolute: Invalid decimal number or non existing label: d1soundnumber1, invalid digit found in string",
  "Error on line 189: Invalid absolute: Invalid decimal number or non existing label: d1play, invalid digit found in string",
  "Error on line 193: Unknown instruction: \"play0\"",
  "Error on line 196: Invalid absolute: Invalid decimal number or non existing label: d0d0, invalid digit found in string",
  "Error on line 197: Invalid absolute: Invalid decimal number or non existing label: play0loopuntilsoundplays, invalid digit found in string",
  "Error on line 200: Unknown instruction: \"playr\"",
  "Error on line 203: Invalid absolute: Invalid decimal number or non existing label: d0d0, invalid digit found in string",
  "Error on line 204: Invalid absolute: Invalid decimal number or non existing label: playrloopuntilsoundplays, invalid digit found in string",
  "Error on line 206: Unknown instruction: \"simhalt\"",
  "Error on line 208: Unknown instruction: \"roger\"",
  "Error on line 209: Unknown instruction: \"zero\"",
  "Error on line 210: Unknown instruction: \"one\"",
  "Error on line 229: Unknown instruction: \"end\""
]
