---
source: src/test/corpus.rs
expression: fixture
---
{
  "status": "terminated",
  "steps": 9,
  "d": [
    "$9",
    "$2a",
    "$0",
    "$0",
    "$0",
    "$0",
    "$0",
    "$0"
  ],
  "a": [
    "$0",
    "$200e",
    "$0",
    "$0",
    "$0",
    "$0",
    "$0",
    "$1000000"
  ],
  "pc": "$1024",
  "flags": "X:0 N:0 Z:0 V:0 C:0",
  "output": "Hello, world!\nThe answer is 42",
  "memory": "af29d2e028e4536c"
}
