---
source: src/test/corpus.rs
expression: diagnostics
---
[
  {
    "severity": "error",
    "code": "unimplemented_operation",
    "message": "`if` is not implemented: structured control is not assembled here.",
    "hint": "Write a comparison and a branch, `cmp.w #10,d0` then `bge done` instead",
    "location": {
      "file": "mouseWindowSize.X68",
      "line": 52,
      "column": 4,
      "endColumn": 6
    },
    "related": []
  },
  {
    "severity": "error",
    "code": "unimplemented_operation",
    "message": "`endi` is not implemented: structured control is not assembled here.",
    "hint": "Write a comparison and a branch, `cmp.w #10,d0` then `bge done` instead",
    "location": {
      "file": "mouseWindowSize.X68",
      "line": 59,
      "column": 4,
      "endColumn": 8
    },
    "related": []
  },
  {
    "severity": "error",
    "code": "unimplemented_operation",
    "message": "`if` is not implemented: structured control is not assembled here.",
    "hint": "Write a comparison and a branch, `cmp.w #10,d0` then `bge done` instead",
    "location": {
      "file": "mouseWindowSize.X68",
      "line": 91,
      "column": 4,
      "endColumn": 6
    },
    "related": []
  },
  {
    "severity": "error",
    "code": "unimplemented_operation",
    "message": "`if` is not implemented: structured control is not assembled here.",
    "hint": "Write a comparison and a branch, `cmp.w #10,d0` then `bge done` instead",
    "location": {
      "file": "mouseWindowSize.X68",
      "line": 94,
      "column": 6,
      "endColumn": 8
    },
    "related": []
  },
  {
    "severity": "error",
    "code": "unimplemented_operation",
    "message": "`endi` is not implemented: structured control is not assembled here.",
    "hint": "Write a comparison and a branch, `cmp.w #10,d0` then `bge done` instead",
    "location": {
      "file": "mouseWindowSize.X68",
      "line": 98,
      "column": 6,
      "endColumn": 10
    },
    "related": []
  },
  {
    "severity": "error",
    "code": "unimplemented_operation",
    "message": "`if` is not implemented: structured control is not assembled here.",
    "hint": "Write a comparison and a branch, `cmp.w #10,d0` then `bge done` instead",
    "location": {
      "file": "mouseWindowSize.X68",
      "line": 99,
      "column": 6,
      "endColumn": 8
    },
    "related": []
  },
  {
    "severity": "error",
    "code": "unimplemented_operation",
    "message": "`endi` is not implemented: structured control is not assembled here.",
    "hint": "Write a comparison and a branch, `cmp.w #10,d0` then `bge done` instead",
    "location": {
      "file": "mouseWindowSize.X68",
      "line": 103,
      "column": 6,
      "endColumn": 10
    },
    "related": []
  },
  {
    "severity": "error",
    "code": "unimplemented_operation",
    "message": "`if` is not implemented: structured control is not assembled here.",
    "hint": "Write a comparison and a branch, `cmp.w #10,d0` then `bge done` instead",
    "location": {
      "file": "mouseWindowSize.X68",
      "line": 104,
      "column": 6,
      "endColumn": 8
    },
    "related": []
  },
  {
    "severity": "error",
    "code": "unimplemented_operation",
    "message": "`endi` is not implemented: structured control is not assembled here.",
    "hint": "Write a comparison and a branch, `cmp.w #10,d0` then `bge done` instead",
    "location": {
      "file": "mouseWindowSize.X68",
      "line": 108,
      "column": 6,
      "endColumn": 10
    },
    "related": []
  },
  {
    "severity": "error",
    "code": "unimplemented_operation",
    "message": "`endi` is not implemented: structured control is not assembled here.",
    "hint": "Write a comparison and a branch, `cmp.w #10,d0` then `bge done` instead",
    "location": {
      "file": "mouseWindowSize.X68",
      "line": 109,
      "column": 4,
      "endColumn": 8
    },
    "related": []
  },
  {
    "severity": "error",
    "code": "unimplemented_operation",
    "message": "`rte` is not implemented: s68k runs every program in supervisor mode and keeps no exception frames.",
    "hint": "Write `rts` instead",
    "location": {
      "file": "mouseWindowSize.X68",
      "line": 181,
      "column": 4,
      "endColumn": 7
    },
    "related": []
  },
  {
    "severity": "error",
    "code": "unimplemented_operation",
    "message": "`rte` is not implemented: s68k runs every program in supervisor mode and keeps no exception frames.",
    "hint": "Write `rts` instead",
    "location": {
      "file": "mouseWindowSize.X68",
      "line": 192,
      "column": 4,
      "endColumn": 7
    },
    "related": []
  },
  {
    "severity": "error",
    "code": "unimplemented_operation",
    "message": "`rte` is not implemented: s68k runs every program in supervisor mode and keeps no exception frames.",
    "hint": "Write `rts` instead",
    "location": {
      "file": "mouseWindowSize.X68",
      "line": 203,
      "column": 4,
      "endColumn": 7
    },
    "related": []
  },
  {
    "severity": "error",
    "code": "unimplemented_operation",
    "message": "`for` is not implemented: structured control is not assembled here.",
    "hint": "Write a comparison and a branch, `cmp.w #10,d0` then `bge done` instead",
    "location": {
      "file": "mouseWindowSize.X68",
      "line": 220,
      "column": 4,
      "endColumn": 7
    },
    "related": []
  },
  {
    "severity": "error",
    "code": "unimplemented_operation",
    "message": "`if` is not implemented: structured control is not assembled here.",
    "hint": "Write a comparison and a branch, `cmp.w #10,d0` then `bge done` instead",
    "location": {
      "file": "mouseWindowSize.X68",
      "line": 222,
      "column": 6,
      "endColumn": 8
    },
    "related": []
  },
  {
    "severity": "error",
    "code": "unimplemented_operation",
    "message": "`else` is not implemented: structured control is not assembled here.",
    "hint": "Write a comparison and a branch, `cmp.w #10,d0` then `bge done` instead",
    "location": {
      "file": "mouseWindowSize.X68",
      "line": 224,
      "column": 6,
      "endColumn": 10
    },
    "related": []
  },
  {
    "severity": "error",
    "code": "unimplemented_operation",
    "message": "`endi` is not implemented: structured control is not assembled here.",
    "hint": "Write a comparison and a branch, `cmp.w #10,d0` then `bge done` instead",
    "location": {
      "file": "mouseWindowSize.X68",
      "line": 226,
      "column": 6,
      "endColumn": 10
    },
    "related": []
  },
  {
    "severity": "error",
    "code": "unimplemented_operation",
    "message": "`endf` is not implemented: structured control is not assembled here.",
    "hint": "Write a comparison and a branch, `cmp.w #10,d0` then `bge done` instead",
    "location": {
      "file": "mouseWindowSize.X68",
      "line": 228,
      "column": 4,
      "endColumn": 8
    },
    "related": []
  },
  {
    "severity": "warning",
    "code": "entry_point_case_mismatch",
    "message": "`START` is not defined, `start` is, and the program starts at `start`.",
    "hint": "Symbols are case sensitive here, so write `end start`",
    "location": {
      "file": "mouseWindowSize.X68",
      "line": 262,
      "column": 11,
      "endColumn": 16
    },
    "related": []
  }
]
