---
source: src/test/corpus.rs
expression: fixture
---
{
  "status": "terminated",
  "steps": 9,
  "d": [
    "$2238",
    "$18",
    "$10",
    "$28",
    "$0",
    "$0",
    "$0",
    "$0"
  ],
  "a": [
    "$0",
    "$0",
    "$0",
    "$0",
    "$0",
    "$0",
    "$0",
    "$1000000"
  ],
  "pc": "$1024",
  "flags": "X:0 N:0 Z:0 V:0 C:0",
  "output": "",
  "memory": "b4da8908e1222325"
}
